// Jest Snapshot v1, https://goo.gl/fbAQLP

exports[`Checks App Snapshot 1`] = `
<div>
  <div
    class="App"
  >
    <div
      class="Header"
    >
      <svg>
        bitcoin.svg
      </svg>
    </div>
    <div
      class="PriceDisplay"
    >
      <h1>
        Price
      </h1>
      <h1>
        $
         
        37,138.2632
      </h1>
    </div>
  </div>
</div>
`;
